[detached HEAD 453574e2] Auto-save
 3 files changed, 20 insertions(+)
 create mode 100644 git-cron.log
[detached HEAD e20ee5ba] Auto-save
 2 files changed, 0 insertions(+), 0 deletions(-)
 create mode 100644 approval-timeouts-cron.log
 rewrite orders/management/commands/__pycache__/check_approval_timeouts.cpython-310.pyc (94%)
[detached HEAD a8991172] Auto-save
 4 files changed, 40 insertions(+)
 rewrite orders/management/commands/__pycache__/check_approval_timeouts.cpython-310.pyc (92%)
[detached HEAD 515659c1] Auto-save
 3 files changed, 19 insertions(+), 2 deletions(-)
 create mode 100644 media/quotations/2025/05/07/Screenshot_from_2025-05-02_10-29-20.png
[detached HEAD 8f3870dc] Auto-save
 1 file changed, 91 insertions(+)
 create mode 100644 media/purchase_orders/PO_PO-2025-00000002.pdf
[detached HEAD 557f2f0c] Auto-save
 2 files changed, 31 insertions(+), 11 deletions(-)
[detached HEAD 8521643b] Auto-save
 2 files changed, 13 insertions(+), 28 deletions(-)
[detached HEAD 29fed748] Auto-save
 7 files changed, 72 insertions(+), 48 deletions(-)
 rewrite orders/management/commands/__pycache__/update_exchange_rates.cpython-310.pyc (98%)
 rewrite orders/management/commands/update_exchange_rates.py (84%)
[detached HEAD d6d0b5c4] Auto-save
 2 files changed, 13 insertions(+), 3 deletions(-)
[detached HEAD 4a24d05b] Auto-save
 5 files changed, 7 insertions(+), 32 deletions(-)
[detached HEAD 8d0044af] Auto-save
 5 files changed, 112 insertions(+), 20 deletions(-)
 rewrite orders/__pycache__/forms.cpython-310.pyc (73%)
[detached HEAD 4964d921] Auto-save
 4 files changed, 17 insertions(+), 86 deletions(-)
[detached HEAD 83d4976f] Auto-save
 1 file changed, 2 insertions(+)
[detached HEAD b4f097e3] Auto-save
 6 files changed, 104 insertions(+), 15 deletions(-)
 rewrite orders/__pycache__/urls.cpython-310.pyc (73%)
[detached HEAD 14010754] Auto-save
 1 file changed, 19 insertions(+)
[detached HEAD 084d7d6d] Auto-save
 1 file changed, 2 insertions(+)
[detached HEAD 4ad2b79a] Auto-save
 4 files changed, 119 insertions(+), 3 deletions(-)
 create mode 100644 media/purchase_orders/PO_PO-2025-00000008.pdf
[detached HEAD 041b685a] Auto-save
 1 file changed, 3 insertions(+)
